Main.hx:3: characters 9-22 : Warning : Array<Void>